[15-Jul-2024 09:40:26 Europe/Berlin] PHP Warning:  Undefined array key "permissions" in D:\xampp\htdocs\n-web-framework\App\Views\admin\users\edit.php on line 51
[15-Jul-2024 09:40:26 Europe/Berlin] PHP Warning:  Trying to access array offset on value of type null in D:\xampp\htdocs\n-web-framework\App\Views\admin\users\edit.php on line 51
[15-Jul-2024 09:46:15 Europe/Berlin] PHP Fatal error:  Uncaught TypeError: dd(): Argument #1 ($var) must be of type array, Closure given, called in D:\xampp\htdocs\n-web-framework\App\Views\admin\users\edit.php on line 51 and defined in D:\xampp\htdocs\n-web-framework\App\common\utilities.php:8
Stack trace:
#0 D:\xampp\htdocs\n-web-framework\App\Views\admin\users\edit.php(51): dd(Object(Closure))
#1 D:\xampp\htdocs\n-web-framework\App\Core\Controller.php(45): require_once('D:\\xampp\\htdocs...')
#2 D:\xampp\htdocs\n-web-framework\App\Controllers\UsersController.php(212): App\Core\Controller->renderAdminView('/admin/users/ed...', Array)
#3 [internal function]: App\Controllers\UsersController->edit('67')
#4 D:\xampp\htdocs\n-web-framework\App\Core\Router.php(154): call_user_func_array(Array, Array)
#5 D:\xampp\htdocs\n-web-framework\App\Core\Router.php(102): App\Core\Router->loadController()
#6 D:\xampp\htdocs\n-web-framework\index.php(18): App\Core\Router->run()
#7 {main}
  thrown in D:\xampp\htdocs\n-web-framework\App\common\utilities.php on line 8
[15-Jul-2024 09:48:20 Europe/Berlin] PHP Warning:  Array to string conversion in D:\xampp\htdocs\n-web-framework\App\Controllers\UsersController.php on line 205
[15-Jul-2024 09:48:37 Europe/Berlin] PHP Fatal error:  Uncaught Error: Object of class Closure could not be converted to string in D:\xampp\htdocs\n-web-framework\App\Controllers\UsersController.php:205
Stack trace:
#0 [internal function]: App\Controllers\UsersController->edit('67')
#1 D:\xampp\htdocs\n-web-framework\App\Core\Router.php(154): call_user_func_array(Array, Array)
#2 D:\xampp\htdocs\n-web-framework\App\Core\Router.php(102): App\Core\Router->loadController()
#3 D:\xampp\htdocs\n-web-framework\index.php(18): App\Core\Router->run()
#4 {main}
  thrown in D:\xampp\htdocs\n-web-framework\App\Controllers\UsersController.php on line 205
[15-Jul-2024 09:50:31 Europe/Berlin] PHP Fatal error:  Uncaught Error: Object of class Closure could not be converted to string in D:\xampp\htdocs\n-web-framework\App\Controllers\UsersController.php:205
Stack trace:
#0 [internal function]: App\Controllers\UsersController->edit('67')
#1 D:\xampp\htdocs\n-web-framework\App\Core\Router.php(154): call_user_func_array(Array, Array)
#2 D:\xampp\htdocs\n-web-framework\App\Core\Router.php(102): App\Core\Router->loadController()
#3 D:\xampp\htdocs\n-web-framework\index.php(18): App\Core\Router->run()
#4 {main}
  thrown in D:\xampp\htdocs\n-web-framework\App\Controllers\UsersController.php on line 205
[15-Jul-2024 09:50:32 Europe/Berlin] PHP Fatal error:  Uncaught Error: Object of class Closure could not be converted to string in D:\xampp\htdocs\n-web-framework\App\Controllers\UsersController.php:205
Stack trace:
#0 [internal function]: App\Controllers\UsersController->edit('67')
#1 D:\xampp\htdocs\n-web-framework\App\Core\Router.php(154): call_user_func_array(Array, Array)
#2 D:\xampp\htdocs\n-web-framework\App\Core\Router.php(102): App\Core\Router->loadController()
#3 D:\xampp\htdocs\n-web-framework\index.php(18): App\Core\Router->run()
#4 {main}
  thrown in D:\xampp\htdocs\n-web-framework\App\Controllers\UsersController.php on line 205
[15-Jul-2024 10:00:31 Europe/Berlin] PHP Fatal error:  Uncaught Error: Value of type bool is not callable in D:\xampp\htdocs\n-web-framework\App\Views\admin\users\edit.php:50
Stack trace:
#0 D:\xampp\htdocs\n-web-framework\App\Core\Controller.php(45): require_once()
#1 D:\xampp\htdocs\n-web-framework\App\Controllers\UsersController.php(210): App\Core\Controller->renderAdminView('/admin/users/ed...', Array)
#2 [internal function]: App\Controllers\UsersController->edit('67')
#3 D:\xampp\htdocs\n-web-framework\App\Core\Router.php(154): call_user_func_array(Array, Array)
#4 D:\xampp\htdocs\n-web-framework\App\Core\Router.php(102): App\Core\Router->loadController()
#5 D:\xampp\htdocs\n-web-framework\index.php(18): App\Core\Router->run()
#6 {main}
  thrown in D:\xampp\htdocs\n-web-framework\App\Views\admin\users\edit.php on line 50
[15-Jul-2024 10:01:11 Europe/Berlin] PHP Warning:  Undefined variable $permissions in D:\xampp\htdocs\n-web-framework\App\Views\admin\users\edit.php on line 50
[15-Jul-2024 10:01:11 Europe/Berlin] PHP Warning:  Trying to access array offset on value of type null in D:\xampp\htdocs\n-web-framework\App\Views\admin\users\edit.php on line 50
